日期和时间：
C:\Users\Ubuntu>date
当前日期: 2020/05/09 周六
C:\Users\Ubuntu>time
当前时间: 17:42:51.65


OS 版本:          
10.0.18362 暂缺 Build 18362
主机名:           DESKTOP-8JMHQBE

硬件信息：
DiskExt v1.2 - Disk extent dumper
Copyright (C) 2001-2016 Mark Russinovich
Sysinternals - www.sysinternals.com

Volume: \\?\Volume{486aa640-9865-46da-876f-cdd7a3a930d0}\
   Mounted at: C:\
   Extent [1]:
       Disk:   0
       Offset: 290455552
       Length: 126098916864
Volume: \\?\Volume{aba0cb0d-32a4-4548-9632-2d5ac9f32e37}\
   Mounted at: <unmounted>
   Extent [1]:
       Disk:   0
       Offset: 126390108160
       Length: 595591168
Volume: \\?\Volume{e89f0ada-2672-40e4-8308-48e3e1575542}\
   Mounted at: <unmounted>
   Extent [1]:
       Disk:   0
       Offset: 126986747904
       Length: 1048576000
Volume: \\?\Volume{0c249770-d3f1-474a-9a8c-0696f50904c8}\
   Mounted at: D:\
   Extent [1]:
       Disk:   1
       Offset: 135266304
       Length: 1000068874240
Volume: \\?\Volume{95f88e24-9f34-4632-9056-6bee0d142fb0}\
   Mounted at: <unmounted>
   Error getting extents
拒绝访问。


服务信息（部分）:
Sysinternals Autoruns v11.70 - Autostart program viewer
Copyright (C) 2002-2013 Mark Russinovich and Bryce Cogswell
Sysinternals - www.sysinternals.com


HKLM\System\CurrentControlSet\Services
   Entry last modified: 2019/11/10 17:19
   AarSvc
     %SystemRoot%\System32\AarSvc.dll
     Runtime for activating conversational agent applications
     Microsoft Corporation
     6.2.18362.628
     c:\windows\system32\aarsvc.dll
     2002/4/9 23:29
   AarSvc_b03ac
     C:\WINDOWS\system32\svchost.exe -k AarSvcGroup -p
     Runtime for activating conversational agent applications
     Microsoft Corporation
     6.2.18362.1
     c:\windows\system32\svchost.exe
     1997/1/11 6:26
   AESMService
     %SystemRoot%\System32\DriverStore\FileRepository\sgx_psw.inf_amd64_bff7913eb62bbf90\aesm_service.exe
     The system services management agent for Intel® Software Guard Extensions enabled applications.
     Intel Corporation
     2.7.100.2
     c:\windows\system32\driverstore\filerepository\sgx_psw.inf_amd64_bff7913eb62bbf90\aesm_service.exe
     2020/3/4 17:04
   AGMService
     "C:\Program Files (x86)\Common Files\Adobe\AdobeGCClient\AGMService.exe"
     Adobe Genuine Monitor Service
     Adobe Systems, Incorporated
     6.6.0.204
     c:\program files (x86)\common files\adobe\adobegcclient\agmservice.exe
     2020/3/4 20:04
   AGSService
     "C:\Program Files (x86)\Common Files\Adobe\AdobeGCClient\AGSService.exe"
     Adobe Genuine Software Integrity Service
     Adobe Systems, Incorporated
     6.6.0.204
     c:\program files (x86)\common files\adobe\adobegcclient\agsservice.exe
     2020/3/4 20:03
   AJRouter
     %SystemRoot%\System32\AJRouter.dll
     路由本地 AllJoyn 客户端的 AllJoyn 消息。如果停止此服务，则自身没有捆绑路由器的 AllJoyn 客户端将无法运行。
     Microsoft Corporation
     6.2.18362.1
     c:\windows\system32\ajrouter.dll
     1963/11/25 19:41
   ALG
     %SystemRoot%\System32\alg.exe
     为 Internet 连接共享提供第三方协议插件的支持
     Microsoft Corporation
     6.2.18362.1
     c:\windows\system32\alg.exe
     1944/8/31 21:22
   AppIDSvc
     %SystemRoot%\System32\appidsvc.dll
     确定并验证应用程序的标识。禁用此服务将阻止强制执行 AppLocker。
     Microsoft Corporation
     6.2.18362.1
     c:\windows\system32\appidsvc.dll
     1968/12/30 23:44
   Appinfo
     %SystemRoot%\System32\appinfo.dll
     使用辅助管理权限便于交互式应用程序的运行。如果停止此服务，用户将无法使用辅助管理权限启动应用程序，而执行所需用户任 务可能需要这些权限。
     Microsoft Corporation
     6.2.18362.693
     c:\windows\system32\appinfo.dll
     1958/3/26 23:40
   AppMgmt
     %SystemRoot%\System32\appmgmts.dll
     为通过组策略部署的软件处理安装、删除以及枚举请求。如果该服务被禁用，则用户将不能安装、删除或枚举通过组策略部署的软 件。如果此服务被禁用，则直接依赖于它的所有服务都将无法启动。
     Microsoft Corporation
     6.2.18362.1
     c:\windows\system32\appmgmts.dll
     2018/10/26 21:07
   AppReadiness
     %SystemRoot%\system32\AppReadiness.dll
     当用户初次登录到这台电脑和添加新应用时，使应用进入就绪可用的状态。
     Microsoft Corporation
     6.2.18362.1
     c:\windows\system32\appreadiness.dll
     2031/1/25 18:43
   AppXSvc
     %SystemRoot%\system32\appxdeploymentserver.dll
     为部署 Microsoft Store 应用程序提供基础结构支持。此服务根据需要启动，如果已禁用的 Microsoft Store 应用程序未部署到 系统，此服务可能无法正常工作。
     Microsoft Corporation
     6.2.18362.752
     c:\windows\system32\appxdeploymentserver.dll
     2007/9/19 11:56
   AssignedAccessManagerSvc
     %SystemRoot%\System32\assignedaccessmanagersvc.dll
     AssignedAccessManager 服务支持 Windows 中的展台体验。
     Microsoft Corporation
     6.2.18362.387
     c:\windows\system32\assignedaccessmanagersvc.dll
     1930/11/17 0:04
   AudioEndpointBuilder
     %SystemRoot%\System32\AudioEndpointBuilder.dll
     管理 Windows 音频服务的音频设备。如果停止了此服务，音频设备和效果将无法正常工作。如果禁用了此服务，任何明确依赖它的服务将无法启动
     Microsoft Corporation
     6.2.18362.752
     c:\windows\system32\audioendpointbuilder.dll
     1921/1/25 6:18
   Audiosrv
     %SystemRoot%\System32\Audiosrv.dll
     管理基于 Windows 的程序的音频。如果此服务被停止，音频设备和效果将不能正常工作。如果此服务被禁用，任何依赖它的服务将无法启动
     Microsoft Corporation
     6.2.18362.752
     c:\windows\system32\audiosrv.dll
     1970/6/6 5:46
   autotimesvc
     %SystemRoot%\System32\autotimesvc.dll
     此服务基于移动网络中的 NITZ 消息设置时间
     Microsoft Corporation
     6.2.18362.1
     c:\windows\system32\autotimesvc.dll
     2028/12/14 16:15
   AxInstSV
     %SystemRoot%\System32\AxInstSV.dll
     为从 Internet 安装 ActiveX 控件提供用户帐户控制验证，并基于组策略设置启用对 ActiveX 控件安装的管理。此服务根据要求 启动，是否禁用 ActiveX 控件的安装取决于默认浏览器设置。
     Microsoft Corporation
     6.2.18362.719
     c:\windows\system32\axinstsv.dll
     1945/5/3 10:58
   BcastDVRUserService
     %SystemRoot%\System32\BcastDVRUserService.dll
     此用户服务用于游戏录制和实况广播
     Microsoft Corporation
     6.2.18362.1
     c:\windows\system32\bcastdvruserservice.dll
     2029/5/7 22:06
   BcastDVRUserService_b03ac
     C:\WINDOWS\system32\svchost.exe -k BcastDVRUserService
     此用户服务用于游戏录制和实况广播
     Microsoft Corporation
     6.2.18362.1
     c:\windows\system32\svchost.exe
     1997/1/11 6:26
   BDESVC
     %SystemRoot%\System32\bdesvc.dll
     BDESVC 承载 BitLocker 驱动器加密服务。BitLocker 驱动器加密为操作系统提供安全启动保障，并为 OS、固定卷和可移动卷提供全卷加密功能。使用此服务，BitLocker 可以提示用户执行与已安装卷相关的各种操作，并自动解锁卷而无需用户交互。此外，它还会将恢复信息存储至 Active Directory (如果这种方法可用并且需要这样做)，并确保使用最新的恢复证书。停止或禁用该服务可以防止用户使用此功能。
     Microsoft Corporation
     6.2.18362.387
     c:\windows\system32\bdesvc.dll
     2027/7/14 8:40
   BFE
     %SystemRoot%\System32\bfe.dll
     基本筛选引擎(BFE)是一种管理防火墙和 Internet 协议安全(IPsec)策略以及实施用户模式筛选的服务。停止或禁用 BFE 服务将大大降低系统的安全。还将造成 IPsec 管理和防火墙应用程序产生不可预知的行为。
     Microsoft Corporation
     6.2.18362.207
     c:\windows\system32\bfe.dll
     1981/3/21 16:18
   BITS
     %SystemRoot%\System32\qmgr.dll
     使用空闲网络带宽在后台传送文件。如果该服务被禁用，则依赖于 BITS 的任何应用程序(如 Windows 更新或 MSN Explorer)将无 法自动下载程序和其他信息。
     Microsoft Corporation
     7.8.18362.719
     c:\windows\system32\qmgr.dll
     1983/10/16 19:20
   BluetoothUserService
     %SystemRoot%\System32\Microsoft.Bluetooth.UserService.dll
     蓝牙用户服务支持与每个用户会话相关的蓝牙功能的正确运行。
     Microsoft Corporation
     6.2.18362.449
     c:\windows\system32\microsoft.bluetooth.userservice.dll
     1953/4/13 18:50
   BluetoothUserService_b03ac
     C:\WINDOWS\system32\svchost.exe -k BthAppGroup -p
     蓝牙用户服务支持与每个用户会话相关的蓝牙功能的正确运行。
     Microsoft Corporation
     6.2.18362.1
     c:\windows\system32\svchost.exe
     1997/1/11 6:26
   BrokerInfrastructure
     %SystemRoot%\System32\psmsrv.dll
     控制哪些后台任务可以在系统上运行的 Windows 基础结构服务。
     Microsoft Corporation
     6.2.18362.295
     c:\windows\system32\psmsrv.dll
     2025/9/30 8:40
   Browser
     %SystemRoot%\System32\browser.dll
     维护网络上计算机的更新列表，并将列表提供给计算机指定浏览。如果服务停止，列表不会被更新或维护。如果服务被禁用，任何 直接依赖于此服务的服务将无法启动。
     Microsoft Corporation
     6.2.18362.1
     c:\windows\system32\browser.dll
     2015/9/15 8:10
   BTAGService
     %SystemRoot%\System32\BTAGService.dll
     支持蓝牙免提规范音频网关角色的服务。
     Microsoft Corporation
     6.2.18362.752
     c:\windows\system32\btagservice.dll
     1949/5/21 17:08
   BthAvctpSvc
     %SystemRoot%\System32\BthAvctpSvc.dll
     这是音频视频控制传输协议服务
     Microsoft Corporation
     6.2.18362.1
     c:\windows\system32\bthavctpsvc.dll
     2004/9/21 18:03
   bthserv
     %SystemRoot%\system32\bthserv.dll
     蓝牙服务支持发现和关联远程蓝牙设备。停止或禁用此服务可能会导致已安装的蓝牙设备无法正常运行，并使新设备无法被发现或 关联。
     Microsoft Corporation
     6.2.18362.1
     c:\windows\system32\bthserv.dll
     1995/5/20 9:01
   camsvc
     %SystemRoot%\system32\CapabilityAccessManager.dll
     提供设施，用于管理 UWP 应用对应用功能的访问权限以及检查应用的特定应用功能访问权限
     Microsoft Corporation
     6.2.18362.145
     c:\windows\system32\capabilityaccessmanager.dll
     1971/1/9 9:22
   CaptureService
     %SystemRoot%\System32\CaptureService.dll
     为调用 Windows.Graphics.Capture API 的应用程序启用可选的屏幕捕获功能。
     Microsoft Corporation
     6.2.18362.1
     c:\windows\system32\captureservice.dll
     1986/2/3 11:44
   CaptureService_b03ac
     C:\WINDOWS\system32\svchost.exe -k LocalService -p
     为调用 Windows.Graphics.Capture API 的应用程序启用可选的屏幕捕获功能。
     Microsoft Corporation
     6.2.18362.1
     c:\windows\system32\svchost.exe
     1997/1/11 6:26
   cbdhsvc
     %SystemRoot%\System32\cbdhsvc.dll
     此用户服务用于剪贴板方案
     Microsoft Corporation
     6.2.18362.329
     c:\windows\system32\cbdhsvc.dll
     1962/1/22 14:00
   cbdhsvc_b03ac
     C:\WINDOWS\system32\svchost.exe -k ClipboardSvcGroup -p
     此用户服务用于剪贴板方案
     Microsoft Corporation
     6.2.18362.1
     c:\windows\system32\svchost.exe
     1997/1/11 6:26
   CDPSvc
     %SystemRoot%\System32\CDPSvc.dll
     此服务用于连接设备平台方案
     Microsoft Corporation
     6.2.18362.657
     c:\windows\system32\cdpsvc.dll
     2028/11/5 9:38
   CDPUserSvc
     %SystemRoot%\System32\CDPUserSvc.dll
     此用户服务用于连接设备平台方案
     Microsoft Corporation
     6.2.18362.449
     c:\windows\system32\cdpusersvc.dll
     2013/10/19 2:02
   CDPUserSvc_b03ac
     C:\WINDOWS\system32\svchost.exe -k UnistackSvcGroup
     此用户服务用于连接设备平台方案
     Microsoft Corporation
     6.2.18362.1
     c:\windows\system32\svchost.exe
     1997/1/11 6:26
   CertPropSvc
     %SystemRoot%\System32\certprop.dll
     将用户证书和根证书从智能卡复制到当前用户的证书存储，检测智能卡何时插入到智能卡读卡器中，并在需要时安装智能卡即插即 用微型驱动器。
     Microsoft Corporation
     6.2.18362.1
     c:\windows\system32\certprop.dll
     1981/3/4 21:47
   ClickToRunSvc
     "C:\Program Files\Common Files\Microsoft Shared\ClickToRun\OfficeClickToRun.exe" /service
     ‪管理 Microsoft Office 及其相关更新的资源协调、后台下载和系统集成。使用任何 Microsoft Office 程序、初始下载安装以及所有后续更新期间需要运行此服务。‬
     Microsoft Corporation
     16.0.10358.20061
     c:\program files\common files\microsoft shared\clicktorun\officeclicktorun.exe
     2020/4/3 17:07
   ClipSVC
     %SystemRoot%\System32\ClipSVC.dll
     提供对 Microsoft Store 的基础结构支持。此服务按需启动，并且如果禁用了此服务，则使用 Windows Store 购买的应用程序将 无法正常运行。
     Microsoft Corporation
     6.2.18362.693
     c:\windows\system32\clipsvc.dll
     2010/8/6 14:29
   COMSysApp
     %SystemRoot%\system32\dllhost.exe /Processid:{02D4B3F1-FD88-11D1-960D-00805FC79235}
     管理基于组件对象模型 (COM+) 的组件的配置和跟踪。如果停止该服务，则大多数基于 COM+ 的组件将不能正常工作。如果禁用该 服务，则任何明确依赖它的服务都将无法启动。
     Microsoft Corporation
     6.2.18362.1
     c:\windows\system32\dllhost.exe
     1954/11/21 4:34
   ConsentUxUserSvc
     %SystemRoot%\System32\ConsentUxClient.dll
     允许 ConnectUX 和电脑设置连接 WLAN 显示器和蓝牙设备并与其配对。
     Microsoft Corporation
     6.2.18362.1
     c:\windows\system32\consentuxclient.dll
     2029/6/16 6:36
   ConsentUxUserSvc_b03ac
     C:\WINDOWS\system32\svchost.exe -k DevicesFlow
     允许 ConnectUX 和电脑设置连接 WLAN 显示器和蓝牙设备并与其配对。
     Microsoft Corporation
     6.2.18362.1
     c:\windows\system32\svchost.exe
     1997/1/11 6:26
   CoreMessagingRegistrar
     %SystemRoot%\system32\coremessaging.dll
     Manages communication between system components.
     Microsoft Corporation
     6.2.18362.1
     c:\windows\system32\coremessaging.dll
     1978/7/25 3:40
   cphs
     %SystemRoot%\System32\DriverStore\FileRepository\igdlh64.inf_amd64_6b34f91c4f014e13\IntelCpHeciSvc.exe
     Intel(R) Content Protection HECI Service - enables communication with the Content Protection FW
     Intel Corporation
     9.1.1.1117
     c:\windows\system32\driverstore\filerepository\igdlh64.inf_amd64_6b34f91c4f014e13\intelcphecisvc.exe
     2017/11/1 16:24
   cplspcon
     %SystemRoot%\System32\DriverStore\FileRepository\igdlh64.inf_amd64_6b34f91c4f014e13\IntelCpHDCPSvc.exe
     Intel(R) Content Protection HDCP Service - enables communication with Content Protection HDCP HW
     Intel Corporation
     25.20.100.6913
     c:\windows\system32\driverstore\filerepository\igdlh64.inf_amd64_6b34f91c4f014e13\intelcphdcpsvc.exe
     2019/6/4 22:45
   CredentialEnrollmentManagerUserSvc
     %SystemRoot%\system32\CredentialEnrollmentManager.exe
     凭据注册管理器
     Microsoft Corporation
     6.2.18362.1
     c:\windows\system32\credentialenrollmentmanager.exe
     1951/7/19 13:52
   CredentialEnrollmentManagerUserSvc_b03ac
     C:\WINDOWS\system32\CredentialEnrollmentManager.exe
     凭据注册管理器
     Microsoft Corporation
     6.2.18362.1
     c:\windows\system32\credentialenrollmentmanager.exe
     1951/7/19 13:52
   CryptSvc
     %SystemRoot%\system32\cryptsvc.dll
     提供三种管理服务: 编录数据库服务，用于确认 Windows 文件的签名和允许安装新程序；受保护的根服务，它从此计算机添加和删除受信任的根证书颁发机构的证书；自动根证书更新服务，用于从 Windows 更新中检索根证书和启用 SSL 等方案。如果此服务已停止，这些管理服务将无法正常运行。如果此服务已禁用，任何明确依赖它的服务将无法启动。
     Microsoft Corporation
     6.2.18362.1
     c:\windows\system32\cryptsvc.dll
     2036/1/12 17:07
   CscService
     %SystemRoot%\System32\cscsvc.dll
     脱机文件服务在脱机文件缓存中执行维护活动，响应用户登录和注销事件，实现公共 API 的内部部分，并将相关的事件分配给关心脱机文件活动和缓存更改的用户。
     Microsoft Corporation
     6.2.18362.719
     c:\windows\system32\cscsvc.dll
     2002/4/22 18:24
   DcomLaunch
     %SystemRoot%\system32\rpcss.dll
     DCOMLAUNCH 服务可启动 COM 和 DCOM 服务器，以响应对象激活请求。如果此服务被停用或禁用，则使用 COM 或 DCOM 的程序将无法正常工作。强烈建议你运行 DCOMLAUNCH 服务。
     Microsoft Corporation
     6.2.18362.752
     c:\windows\system32\rpcss.dll
     1942/9/3 2:10
   defragsvc
     %Systemroot%\System32\defragsvc.dll
     通过优化存储驱动器上的文件来帮助计算机更高效地运行。
     Microsoft Corporation
     6.2.18362.657
     c:\windows\system32\defragsvc.dll
     1903/4/15 1:37
   DeviceAssociationBrokerSvc
     %SystemRoot%\System32\deviceaccess.dll
     Enables apps to pair devices
     Microsoft Corporation
     6.2.18362.752
     c:\windows\system32\deviceaccess.dll
     1952/6/21 13:14
   DeviceAssociationBrokerSvc_b03ac
     C:\WINDOWS\system32\svchost.exe -k DevicesFlow -p
     Enables apps to pair devices
     Microsoft Corporation
     6.2.18362.1
     c:\windows\system32\svchost.exe
     1997/1/11 6:26
   DeviceAssociationService
     %SystemRoot%\system32\das.dll
     在系统与有线或无线设备之间启用匹配。
     Microsoft Corporation
     6.2.18362.1
     c:\windows\system32\das.dll
     2012/9/16 19:48
   DeviceInstall
     %SystemRoot%\system32\umpnpmgr.dll
     使计算机在极少或没有用户输入的情况下能识别并适应硬件的更改。终止或禁用此服务会造成系统不稳定。
     Microsoft Corporation
     6.2.18362.1
     c:\windows\system32\umpnpmgr.dll
     1947/11/16 17:19
   DevicePickerUserSvc
     %SystemRoot%\System32\Windows.Devices.Picker.dll
     此用户服务用于管理 Miracast、DLNA 和拨号用户界面
     Microsoft Corporation
     6.2.18362.1
     c:\windows\system32\windows.devices.picker.dll
     1926/12/18 5:04
   DevicePickerUserSvc_b03ac
     C:\WINDOWS\system32\svchost.exe -k DevicesFlow
     此用户服务用于管理 Miracast、DLNA 和拨号用户界面
     Microsoft Corporation
     6.2.18362.1
     c:\windows\system32\svchost.exe
     1997/1/11 6:26
   DevicesFlowUserSvc
     %SystemRoot%\System32\DevicesFlowBroker.dll
     允许 ConnectUX 和电脑设置连接 WLAN 显示器和蓝牙设备并与其配对。
     Microsoft Corporation
     6.2.18362.449
     c:\windows\system32\devicesflowbroker.dll
     1993/9/29 2:23
   DevicesFlowUserSvc_b03ac
     C:\WINDOWS\system32\svchost.exe -k DevicesFlow
     允许 ConnectUX 和电脑设置连接 WLAN 显示器和蓝牙设备并与其配对。
     Microsoft Corporation
     6.2.18362.1
     c:\windows\system32\svchost.exe
     1997/1/11 6:26
   DevQueryBroker
     %SystemRoot%\system32\DevQueryBroker.dll
     使应用能够发现具有后台任务的设备
     Microsoft Corporation
     6.2.18362.535
     c:\windows\system32\devquerybroker.dll
     2019/5/1 9:44
   Dhcp
     %SystemRoot%\system32\dhcpcore.dll
     为此计算机注册并更新 IP 地址。如果此服务停止，计算机将不能接收动态 IP 地址和 DNS 更新。如果此服务被禁用，所有明确依赖它的服务都将不能启动。
     Microsoft Corporation
     6.2.18362.267
     c:\windows\system32\dhcpcore.dll
     1921/5/26 1:01
   diagnosticshub.standardcollector.service
     %SystemRoot%\system32\DiagSvcs\DiagnosticsHub.StandardCollector.Service.exe
     诊断中心标准收集器服务。运行时，此服务会收集实时 ETW 事件，并对其进行处理。
     Microsoft Corporation
     11.0.18362.719
     c:\windows\system32\diagsvcs\diagnosticshub.standardcollector.service.exe
     1960/12/18 14:06
   diagsvc
     %systemroot%\system32\DiagSvc.dll
     Executes diagnostic actions for troubleshooting support
     Microsoft Corporation
     6.2.18362.449
     c:\windows\system32\diagsvc.dll
     1975/9/23 6:11
   DiagTrack
     %SystemRoot%\system32\diagtrack.dll
     Connected User Experiences and Telemetry 服务所启用的功能支持应用程序中用户体验和连接的用户体验。此外，如果在“反馈和诊断”下启用诊断和使用情况隐私选项设置，则此服务可以根据事件来管理诊断和使用情况信息的收集和传输(用于改进 Windows 平台的体验和质量)。
     Microsoft Corporation
     6.2.18362.778
     c:\windows\system32\diagtrack.dll
     1929/9/20 0:11
   DispBrokerDesktopSvc
     %SystemRoot%\System32\DispBroker.Desktop.dll
     管理本地和远程显示器的连接和配置
     Microsoft Corporation
     6.2.18362.628
     c:\windows\system32\dispbroker.desktop.dll
     1960/5/17 21:01
   DisplayEnhancementService
     %SystemRoot%\system32\Microsoft.Graphics.Display.DisplayEnhancementService.dll
     用于管理显示增强(如亮度控制)的服务。
     Microsoft Corporation
     6.2.18362.693
     c:\windows\system32\microsoft.graphics.display.displayenhancementservice.dll
     1978/7/10 22:04
   DmEnrollmentSvc
     %systemroot%\system32\Windows.Internal.Management.dll
     为设备管理执行设备注册活动
     Microsoft Corporation
     6.2.18362.752
     c:\windows\system32\windows.internal.management.dll
     1998/9/1 18:45
   dmwappushservice
     %SystemRoot%\system32\dmwappushsvc.dll
     路由设备收到的无线应用程序协议 (WAP) 推送消息并同步设备管理会话
     Microsoft Corporation
     6.2.18362.1
     c:\windows\system32\dmwappushsvc.dll
     2012/7/28 14:50
   Dnscache
     %SystemRoot%\System32\dnsrslvr.dll
     DNS 客户端服务(dnscache)缓存域名系统(DNS)名称并注册该计算机的完整计算机名。如果该服务被停止，将继续解析 DNS 名称。 然而，将不缓存 DNS 名称的查询结果，且不注册计算机名。如果该服务被禁用，则任何明确依赖于它的服务都将无法启动。
     Microsoft Corporation
     6.2.18362.267
     c:\windows\system32\dnsrslvr.dll
     1948/6/5 15:29
   Dolby DAX2 API Service
     "C:\Program Files\Dolby\Dolby DAX2\DAX2_API\DolbyDAX2API.exe"
     Dolby DAX2 API Service is used by Dolby DAX2 applications to control Dolby Audio components in the system.
     Dolby Laboratories, Inc.
     0.8.8.88
     c:\program files\dolby\dolby dax2\dax2_api\dolbydax2api.exe
     2019/1/22 13:02
   DoSvc
     %SystemRoot%\system32\dosvc.dll
     执行内容传递优化任务
     Microsoft Corporation
     6.2.18362.778
     c:\windows\system32\dosvc.dll
     2018/2/1 7:49
   dot3svc
     %SystemRoot%\System32\dot3svc.dll
     有线自动配置(DOT3SVC)服务负责对以太网接口执行 IEEE 802.1X 身份验证。如果当前有线网络部署强制执行 802.1X 身份验证， 则应配置 DOT3SVC 服务运行以用于建立第 2 层连接性和/或用于提供对网络资源的访问权限。DOT3SVC 服务会影响到强制执行 802.1X  身份验证的有线网络。
     Microsoft Corporation
     6.2.18362.778
     c:\windows\system32\dot3svc.dll
     1930/2/9 1:46
   DPS
     %SystemRoot%\system32\dps.dll
     诊断策略服务启用了 Windows 组件的问题检测、疑难解答和解决方案。如果该服务被停止，诊断将不再运行。
     Microsoft Corporation
     6.2.18362.1
     c:\windows\system32\dps.dll
     2035/9/12 3:05
   DsmSvc
     %SystemRoot%\System32\DeviceSetupManager.dll
     支持检测、下载和安装与设备相关的软件。如果此服务被禁用，则可能使用过期软件对设备进行配置，因此设备可能无法正常工作 。
     Microsoft Corporation
     6.2.18362.1
     c:\windows\system32\devicesetupmanager.dll
     1993/9/3 13:55
   DsSvc
     %SystemRoot%\System32\DsSvc.dll
     提供应用程序之间的数据代理。
     Microsoft Corporation
     6.2.18362.657
     c:\windows\system32\dssvc.dll
     1961/11/23 23:10
   DusmSvc
     %SystemRoot%\System32\dusmsvc.dll
     网络数据使用量，流量上限，限制背景数据，按流量计费的网络。
     Microsoft Corporation
     6.2.18362.693
     c:\windows\system32\dusmsvc.dll
     1910/1/10 2:29
   Eaphost
     %SystemRoot%\System32\eapsvc.dll
     可扩展的身份验证协议(EAP)服务在以下情况下提供网络身份验证: 802.1x 有线和无线、VPN 和网络访问保护(NAP)。EAP 在身份验证过程中也提供网络访问客户端使用的应用程序编程接口(API)，包括无线客户端和 VPN 客户端。如果禁用此服务，该计算机将无法访问需要 EAP 身份验证的网络。
     Microsoft Corporation
     6.2.18362.1
     c:\windows\system32\eapsvc.dll
     1941/6/28 16:34
   EFS
     %SystemRoot%\system32\efssvc.dll
     提供用于在 NTFS 文件系统卷上存储加密文件的核心文件加密技术。如果停止或禁用此服务，则应用程序将无法访问加密的文件。
     Microsoft Corporation
     6.2.18362.1
     c:\windows\system32\efssvc.dll
     2005/12/29 12:39
   embeddedmode
     %SystemRoot%\System32\embeddedmodesvc.dll
     嵌入式服务启用与后台应用程序相关的方案。禁用此服务会阻止激活后台应用程序。
     Microsoft Corporation
     6.2.18362.1
     c:\windows\system32\embeddedmodesvc.dll
     2000/3/15 6:03
   EntAppSvc
     %SystemRoot%\system32\EnterpriseAppMgmtSvc.dll
     启用企业应用程序管理。
     Microsoft Corporation
     6.2.18362.1
     c:\windows\system32\enterpriseappmgmtsvc.dll
     1991/9/30 11:30
   EventLog
     %SystemRoot%\System32\wevtsvc.dll
     此服务管理事件和事件日志。它支持日志记录事件、查询事件、订阅事件、归档事件日志以及管理事件元数据。它可以用 XML 和纯文本两种格式显示事件。停止该服务可能危及系统的安全性和可靠性。
     Microsoft Corporation
     6.2.18362.752
     c:\windows\system32\wevtsvc.dll
     1932/10/5 14:22
   EventSystem
     %systemroot%\system32\es.dll
     支持系统事件通知服务 (SENS)，此服务为订阅的组件对象模型 (COM) 组件提供自动分布事件功能。如果停止此服务，SENS 将关闭，而且不能提供登录和注销通知。如果禁用此服务，显式依赖此服务的其他服务都将无法启动。
     Microsoft Corporation
     2001.12.10941.16384
     c:\windows\system32\es.dll
     1914/7/21 9:03
   Fax
     %systemroot%\system32\fxssvc.exe
     利用计算机或网络上的可用传真资源发送和接收传真。
     Microsoft Corporation
     6.2.18362.1
     c:\windows\system32\fxssvc.exe
     2004/5/13 19:24
   FCService
     "C:\Program Files (x86)\FlashRepair\FCService.exe"
     使用辅助管理权限便于应用程序的运行，提升Flash的稳定性，辅助解决Flash运行缺少必要组件的问题。如果停止/禁用此服务，用户将无法使用辅助管理权限启动应用程序，而执行所需用户任务可能需要这些权限，同时会失去该关联辅助程序对Flash Player的保护和增强功能。
     Chongqing Zhongcheng Network Technology Co., Ltd
     1.0.2.20
     c:\program files (x86)\flashrepair\fcservice.exe
     2020/3/23 9:45
^C


NIC信息：

Windows IP 配置

   主机名  . . . . . . . . . . . . . : DESKTOP-8JMHQBE
   主 DNS 后缀 . . . . . . . . . . . :
   节点类型  . . . . . . . . . . . . : 混合
   IP 路由已启用 . . . . . . . . . . : 否
   WINS 代理已启用 . . . . . . . . . : 否
   DNS 后缀搜索列表  . . . . . . . . : DHCP HOST

以太网适配器 以太网 2:

   媒体状态  . . . . . . . . . . . . : 媒体已断开连接
   连接特定的 DNS 后缀 . . . . . . . :
   描述. . . . . . . . . . . . . . . : Sangfor SSL VPN CS Support System VNIC
   物理地址. . . . . . . . . . . . . : 00-FF-35-0A-D2-45
   DHCP 已启用 . . . . . . . . . . . : 否
   自动配置已启用. . . . . . . . . . : 是

无线局域网适配器 WLAN:

   媒体状态  . . . . . . . . . . . . : 媒体已断开连接
   连接特定的 DNS 后缀 . . . . . . . : DHCP HOST
   描述. . . . . . . . . . . . . . . : Intel(R) Dual Band Wireless-AC 8265
   物理地址. . . . . . . . . . . . . : AC-ED-5C-67-D0-6D
   DHCP 已启用 . . . . . . . . . . . : 是
   自动配置已启用. . . . . . . . . . : 是

无线局域网适配器 本地连接* 10:

   媒体状态  . . . . . . . . . . . . : 媒体已断开连接
   连接特定的 DNS 后缀 . . . . . . . :
   描述. . . . . . . . . . . . . . . : Microsoft Wi-Fi Direct Virtual Adapter
   物理地址. . . . . . . . . . . . . : AC-ED-5C-67-D0-6E
   DHCP 已启用 . . . . . . . . . . . : 是
   自动配置已启用. . . . . . . . . . : 是

无线局域网适配器 本地连接* 2:

   媒体状态  . . . . . . . . . . . . : 媒体已断开连接
   连接特定的 DNS 后缀 . . . . . . . :
   描述. . . . . . . . . . . . . . . : Microsoft Wi-Fi Direct Virtual Adapter #2
   物理地址. . . . . . . . . . . . . : AE-ED-5C-67-D0-6D
   DHCP 已启用 . . . . . . . . . . . : 是
   自动配置已启用. . . . . . . . . . : 是

以太网适配器 以太网:

   连接特定的 DNS 后缀 . . . . . . . : DHCP HOST
   描述. . . . . . . . . . . . . . . : Intel(R) Ethernet Connection (4) I219-V
   物理地址. . . . . . . . . . . . . : 54-E1-AD-59-9D-F5
   DHCP 已启用 . . . . . . . . . . . : 是
   自动配置已启用. . . . . . . . . . : 是
   本地链接 IPv6 地址. . . . . . . . : fe80::1d22:d1eb:615:850e%8(首选)
   IPv4 地址 . . . . . . . . . . . . : 192.168.0.103(首选)
   子网掩码  . . . . . . . . . . . . : 255.255.255.0
   获得租约的时间  . . . . . . . . . : 2020年5月9日 16:34:19
   租约过期的时间  . . . . . . . . . : 2020年5月9日 19:34:19
   默认网关. . . . . . . . . . . . . : 192.168.0.1
   DHCP 服务器 . . . . . . . . . . . : 192.168.0.1
   DHCPv6 IAID . . . . . . . . . . . : 139780525
   DHCPv6 客户端 DUID  . . . . . . . : 00-01-00-01-25-59-79-47-AC-ED-5C-67-D0-6D
   DNS 服务器  . . . . . . . . . . . : 192.168.1.1
                                       202.102.134.68
   TCPIP 上的 NetBIOS  . . . . . . . : 已启用

以太网适配器 VMware Network Adapter VMnet1:

   连接特定的 DNS 后缀 . . . . . . . :
   描述. . . . . . . . . . . . . . . : VMware Virtual Ethernet Adapter for VMnet1
   物理地址. . . . . . . . . . . . . : 00-50-56-C0-00-01
   DHCP 已启用 . . . . . . . . . . . : 是
   自动配置已启用. . . . . . . . . . : 是
   本地链接 IPv6 地址. . . . . . . . : fe80::34b3:d6f2:862:bd7b%17(首选)
   IPv4 地址 . . . . . . . . . . . . : 192.168.10.1(首选)
   子网掩码  . . . . . . . . . . . . : 255.255.255.0
   获得租约的时间  . . . . . . . . . : 2020年5月9日 16:34:37
   租约过期的时间  . . . . . . . . . : 2020年5月9日 18:34:25
   默认网关. . . . . . . . . . . . . :
   DHCP 服务器 . . . . . . . . . . . : 192.168.10.254
   DHCPv6 IAID . . . . . . . . . . . : 754995286
   DHCPv6 客户端 DUID  . . . . . . . : 00-01-00-01-25-59-79-47-AC-ED-5C-67-D0-6D
   DNS 服务器  . . . . . . . . . . . : fec0:0:0:ffff::1%1
                                       fec0:0:0:ffff::2%1
                                       fec0:0:0:ffff::3%1
   TCPIP 上的 NetBIOS  . . . . . . . : 已启用

以太网适配器 VMware Network Adapter VMnet8:

   连接特定的 DNS 后缀 . . . . . . . :
   描述. . . . . . . . . . . . . . . : VMware Virtual Ethernet Adapter for VMnet8
   物理地址. . . . . . . . . . . . . : 00-50-56-C0-00-08
   DHCP 已启用 . . . . . . . . . . . : 是
   自动配置已启用. . . . . . . . . . : 是
   本地链接 IPv6 地址. . . . . . . . : fe80::1979:6fa0:4c0c:74fb%7(首选)
   IPv4 地址 . . . . . . . . . . . . : 192.168.126.1(首选)
   子网掩码  . . . . . . . . . . . . : 255.255.255.0
   获得租约的时间  . . . . . . . . . : 2020年5月9日 16:34:37
   租约过期的时间  . . . . . . . . . : 2020年5月9日 18:34:25
   默认网关. . . . . . . . . . . . . :
   DHCP 服务器 . . . . . . . . . . . : 192.168.126.254
   DHCPv6 IAID . . . . . . . . . . . : 771772502
   DHCPv6 客户端 DUID  . . . . . . . : 00-01-00-01-25-59-79-47-AC-ED-5C-67-D0-6D
   DNS 服务器  . . . . . . . . . . . : fec0:0:0:ffff::1%1
                                       fec0:0:0:ffff::2%1
                                       fec0:0:0:ffff::3%1
   主 WINS 服务器  . . . . . . . . . : 192.168.126.2
   TCPIP 上的 NetBIOS  . . . . . . . : 已启用


路由信息：
===========================================================================
接口列表
  5...00 ff 35 0a d2 45 ......Sangfor SSL VPN CS Support System VNIC
 12...ac ed 5c 67 d0 6d ......Intel(R) Dual Band Wireless-AC 8265
  6...ac ed 5c 67 d0 6e ......Microsoft Wi-Fi Direct Virtual Adapter
 11...ae ed 5c 67 d0 6d ......Microsoft Wi-Fi Direct Virtual Adapter #2
  8...54 e1 ad 59 9d f5 ......Intel(R) Ethernet Connection (4) I219-V
 17...00 50 56 c0 00 01 ......VMware Virtual Ethernet Adapter for VMnet1
  7...00 50 56 c0 00 08 ......VMware Virtual Ethernet Adapter for VMnet8
  1...........................Software Loopback Interface 1
===========================================================================

IPv4 路由表
===========================================================================
活动路由:
网络目标        网络掩码          网关       接口   跃点数
          0.0.0.0          0.0.0.0      192.168.0.1    192.168.0.103     35
        127.0.0.0        255.0.0.0            在链路上         127.0.0.1    331
        127.0.0.1  255.255.255.255            在链路上         127.0.0.1    331
  127.255.255.255  255.255.255.255            在链路上         127.0.0.1    331
      192.168.0.0    255.255.255.0            在链路上     192.168.0.103    291
    192.168.0.103  255.255.255.255            在链路上     192.168.0.103    291
    192.168.0.255  255.255.255.255            在链路上     192.168.0.103    291
     192.168.10.0    255.255.255.0            在链路上      192.168.10.1    291
     192.168.10.1  255.255.255.255            在链路上      192.168.10.1    291
   192.168.10.255  255.255.255.255            在链路上      192.168.10.1    291
    192.168.126.0    255.255.255.0            在链路上     192.168.126.1    291
    192.168.126.1  255.255.255.255            在链路上     192.168.126.1    291
  192.168.126.255  255.255.255.255            在链路上     192.168.126.1    291
        224.0.0.0        240.0.0.0            在链路上         127.0.0.1    331
        224.0.0.0        240.0.0.0            在链路上      192.168.10.1    291
        224.0.0.0        240.0.0.0            在链路上     192.168.126.1    291
        224.0.0.0        240.0.0.0            在链路上     192.168.0.103    291
  255.255.255.255  255.255.255.255            在链路上         127.0.0.1    331
  255.255.255.255  255.255.255.255            在链路上      192.168.10.1    291
  255.255.255.255  255.255.255.255            在链路上     192.168.126.1    291
  255.255.255.255  255.255.255.255            在链路上     192.168.0.103    291
===========================================================================
永久路由:
  无

IPv6 路由表
===========================================================================
活动路由:
 接口跃点数网络目标                网关
  1    331 ::1/128                  在链路上
 17    291 fe80::/64                在链路上
  7    291 fe80::/64                在链路上
  8    291 fe80::/64                在链路上
  7    291 fe80::1979:6fa0:4c0c:74fb/128
                                    在链路上
  8    291 fe80::1d22:d1eb:615:850e/128
                                    在链路上
 17    291 fe80::34b3:d6f2:862:bd7b/128
                                    在链路上
  1    331 ff00::/8                 在链路上
 17    291 ff00::/8                 在链路上
  7    291 ff00::/8                 在链路上
  8    291 ff00::/8                 在链路上
===========================================================================
永久路由:
  无


arp信息：
接口: 192.168.126.1 --- 0x7
  Internet 地址         物理地址              类型
  192.168.126.254       00-50-56-e1-d4-84     动态
  192.168.126.255       ff-ff-ff-ff-ff-ff     静态
  224.0.0.2             01-00-5e-00-00-02     静态
  224.0.0.22            01-00-5e-00-00-16     静态
  224.0.0.251           01-00-5e-00-00-fb     静态
  224.0.0.252           01-00-5e-00-00-fc     静态
  239.255.255.250       01-00-5e-7f-ff-fa     静态
  255.255.255.255       ff-ff-ff-ff-ff-ff     静态

接口: 192.168.0.103 --- 0x8
  Internet 地址         物理地址              类型
  192.168.0.1           f4-83-cd-8a-a1-44     动态
  192.168.0.100         44-04-44-b6-d4-15     动态
  192.168.0.102         78-62-56-7d-cf-4d     动态
  192.168.0.105         94-fe-22-91-65-57     动态
  192.168.0.255         ff-ff-ff-ff-ff-ff     静态
  224.0.0.2             01-00-5e-00-00-02     静态
  224.0.0.22            01-00-5e-00-00-16     静态
  224.0.0.251           01-00-5e-00-00-fb     静态
  224.0.0.252           01-00-5e-00-00-fc     静态
  239.255.255.250       01-00-5e-7f-ff-fa     静态
  255.255.255.255       ff-ff-ff-ff-ff-ff     静态

接口: 192.168.10.1 --- 0x11
  Internet 地址         物理地址              类型
  192.168.10.254        00-50-56-f5-09-1c     动态
  192.168.10.255        ff-ff-ff-ff-ff-ff     静态
  224.0.0.2             01-00-5e-00-00-02     静态
  224.0.0.22            01-00-5e-00-00-16     静态
  224.0.0.251           01-00-5e-00-00-fb     静态
  224.0.0.252           01-00-5e-00-00-fc     静态
  239.255.255.250       01-00-5e-7f-ff-fa     静态
  255.255.255.255       ff-ff-ff-ff-ff-ff     静态


进程信息：
PsList v1.4 - Process information lister
Copyright (C) 2000-2016 Mark Russinovich
Sysinternals - www.sysinternals.com

Process information for DESKTOP-8JMHQBE:

Name                Pid Pri Thd  Hnd   Priv        CPU Time    Elapsed Time
Idle                  0   0   4    0     60     4:40:34.343     1:24:11.305
System                4   8 200 5268    200     0:02:19.781     1:24:11.305
Registry             96   8   4    0   8532     0:00:00.734     1:24:13.584
smss                372  11   2   53   1176     0:00:00.250     1:24:11.296
csrss               616  13  12  815   1884     0:00:01.484     1:24:07.972
wininit             720  13   1  156   1368     0:00:00.109     1:24:07.108
csrss               728  13  14  830   2768     0:00:11.375     1:24:07.101
services            792   9   8  793   5780     0:00:05.937     1:24:06.994
lsass               808   9   9 1613   7160     0:00:04.640     1:24:06.954
svchost             940   8   2   86    972     0:00:00.000     1:24:06.700
svchost             964   8  23 1320  13056     0:00:08.984     1:24:06.683
fontdrvhost         988   8   5   32   1880     0:00:00.046     1:24:06.674
svchost             448   8  15 1436   9776     0:00:13.218     1:24:06.535
svchost             456   8   6  295   2712     0:00:00.375     1:24:06.498
winlogon           1028  13   7  275   3112     0:00:00.234     1:24:06.257
WUDFHost           1080   8   6  304   3244     0:00:00.562     1:24:06.226
fontdrvhost        1120   8   5   32   4812     0:00:04.984     1:24:06.196
dwm                1196  13  15 1241 141880     0:01:46.046     1:24:06.118
svchost            1256   8   4  118   1380     0:00:00.031     1:24:06.050
svchost            1320   8   4  248   2544     0:00:00.156     1:24:06.030
svchost            1328   8   3  163   2136     0:00:00.109     1:24:06.029
svchost            1412   8  11  415   6388     0:00:01.234     1:24:05.988
svchost            1428   8   6  134   1588     0:00:00.015     1:24:05.975
svchost            1460   8   3  224  28628     0:00:16.187     1:24:05.957
svchost            1548   8   3  254   2244     0:00:00.078     1:24:05.916
svchost            1664   8   7  272   2792     0:00:00.937     1:24:05.873
svchost            1708   8   3  178   1572     0:00:00.281     1:24:05.855
svchost            1812   8   3  223   2380     0:00:00.156     1:24:05.815
HipsDaemon         1860   8  42  406  91176     0:01:00.359     1:24:05.791
svchost            1920   8   2  125   1480     0:00:00.062     1:24:05.714
svchost            2040   8   9  434  14364     0:00:00.984     1:24:05.593
svchost            1652   8   5  165   5764     0:00:00.281     1:24:05.495
svchost            2072   8   8  249   2624     0:00:01.734     1:24:05.451
svchost            2092   8   8  203   6212     0:00:13.375     1:24:05.433
svchost            2236   8  12  390   4912     0:00:01.015     1:24:05.298
svchost            2244   8  15  302   3924     0:00:15.718     1:24:05.288
ibmpmsvc           2268   8  10  193   2144     0:00:00.140     1:24:05.261
NVDisplay.Container  2424   8   9  319   4448     0:00:00.390     1:24:05.172
svchost            2440   8   4  290   2748     0:00:00.218     1:24:05.138
svchost            2496   8   7  179   2112     0:00:00.125     1:24:05.103
svchost            2512   8   6  221   2564     0:00:05.906     1:24:05.089
svchost            2536   8   3  263   1332     0:00:00.062     1:24:05.080
svchost            2572   8  12  465   3036     0:00:01.546     1:24:05.058
Memory Compression  2664   8  70    0    404     0:00:09.953     1:24:04.963
svchost            2700   8   2  180   1944     0:00:00.031     1:24:04.939
igfxCUIService     2760   8   2  175   1880     0:00:00.109     1:24:04.882
svchost            2836   8   3  174   1756     0:00:00.453     1:24:04.837
svchost            2848   8   7  163   1868     0:00:00.562     1:24:04.823
NVDisplay.Container  2860   8  25  608  34048     0:00:07.281     1:24:04.802
svchost            2876   8  15  441   8240     0:00:06.562     1:24:04.781
usysdiag           2992   8  10  154   2072     0:00:00.031     1:24:04.653
svchost            3040   8   3  226   2400     0:00:00.093     1:24:04.597
svchost            2132   8   7  205   2288     0:00:01.593     1:24:04.577
svchost            2280   8   2  144   1588     0:00:00.015     1:24:04.557
svchost            3248   8  12  401   3484     0:00:01.718     1:24:04.379
wsctrl             3260   8   3  194   1672     0:00:00.062     1:24:04.361
svchost            3280   8   5  266   2792     0:00:00.343     1:24:04.348
RtkAudioService64  3348   8   2  167   1640     0:00:00.062     1:24:04.299
svchost            3492   8   6  144   1888     0:00:00.171     1:24:04.124
svchost            3500   8  13  379   3020     0:00:00.515     1:24:04.114
svchost            3520   8  11  397   4648     0:00:02.546     1:24:04.057
svchost            3564   8  15  420   8744     0:00:02.296     1:24:04.006
svchost            3936   8   2  146   1444     0:00:00.093     1:24:03.510
svchost            4028   8  16  509   6368     0:00:01.921     1:24:03.277
dasHost            4072   8   3  365   4420     0:00:00.328     1:24:03.196
svchost            3868   8   5  186   2032     0:00:00.140     1:24:02.800
svchost            3968   8   6  212   2404     0:00:00.203     1:24:02.717
svchost            4124   8   4  239   2780     0:00:00.140     1:24:02.664
svchost            4148   8   9  286   2764     0:00:00.593     1:24:02.652
svchost            4276   8   4  235   2908     0:00:01.937     1:24:02.492
svchost            4332   8   6  164   1792     0:00:00.093     1:24:02.434
spoolsv            4344   8  10  473   5852     0:00:00.250     1:24:02.428
wlanext            4352   8   1  102   1124     0:00:00.062     1:24:02.424
conhost            4388   8   2  118   6424     0:00:00.031     1:24:02.370
svchost            4420   8   5  281   3788     0:00:00.656     1:24:02.321
svchost            4484   8   6  264   2784     0:00:00.140     1:24:02.239
svchost            4492   8   6  480   3556     0:00:00.453     1:24:02.239
svchost            4500   8   4  168   1744     0:00:00.187     1:24:02.235
AGMService         4644   8   3  213   3252     0:00:00.375     1:24:02.010
IntelCpHDCPSvc     4708   8   3  155   1468     0:00:00.031     1:24:01.976
AGSService         4724   8   2  207   2004     0:00:00.187     1:24:01.968
svchost            4740   8  13  564  17020     0:00:03.796     1:24:01.956
svchost            4748   8   7  278   3832     0:00:00.578     1:24:01.956
svchost            4784   8  17  384  27348     0:00:09.234     1:24:01.945
svchost            4924   8   3  136   1308     0:00:00.015     1:24:01.907
svchost            4968   8   4  128   1952     0:00:00.046     1:24:01.893
vmware-authd       4988   8   6  314   8840     0:00:04.125     1:24:01.873
QQProtect          5004   8  19  485  18648     0:00:00.984     1:24:01.870
nvcontainer        5012   8  26  477   9296     0:00:01.468     1:24:01.869
SynTPEnhService    5028   8   5  328   2492     0:00:00.093     1:24:01.863
vmnetdhcp          5040   8   2   87   7864     0:00:00.031     1:24:01.851
FCService          5048   8   5  647   5800     0:00:00.796     1:24:01.851
TsService          5068   8  23  604  11892     0:00:10.453     1:24:01.846
SangforPromoteService  5088   8  12  412   5864     0:00:04.953     1:24:01.833
vmware-usbarbitrator64  5096   8   3  223   2712     0:00:00.140     1:24:01.832
NvTelemetryContainer  5104   8  10  247   5324     0:00:00.375     1:24:01.830
svchost            3820   8   7  393   4756     0:00:00.265     1:24:01.823
svchost            3796   8   2  137   1664     0:00:00.046     1:24:01.815
vmnat              4560   8   4  197   4896     0:00:00.125     1:24:01.815
svchost            5596   8  13  375   3400     0:00:00.187     1:24:01.080
IntelCpHeciSvc     5696   8   3  134   1380     0:00:00.031     1:24:00.887
unsecapp           5760   8   3  131   1360     0:00:00.015     1:24:00.731
svchost            6024   8   3  109   1324     0:00:00.062     1:24:00.269
vmware-hostd       6792   8  16  440  35740     0:00:02.515     1:23:58.218
RAVBg64            7348   8   4  313   5996     0:00:00.171     1:23:41.069
SynTPEnh           7400  10  11  747   7396     0:00:04.000     1:23:41.038
nvcontainer        7416   8  27  395   6900     0:00:04.046     1:23:41.005
sihost             7532   8  13  766  11608     0:00:06.890     1:23:40.830
svchost            7584   8  13  463  10156     0:00:08.609     1:23:40.684
svchost            7624   8   8  483   7812     0:00:02.109     1:23:40.640
PresentationFontCache  7672   8   4  239  24976     0:00:00.250     1:23:40.559
PopBlock           7788   6   4  212  13084     0:00:01.328     1:23:40.378
taskhostw          7804   8  10  339  10488     0:00:03.640     1:23:40.367
svchost            7912   8   5  262   3436     0:00:01.593     1:23:40.188
svchost            8076   8   2  173   1884     0:00:00.515     1:23:40.088
svchost            7140   8   4  170   1788     0:00:00.031     1:23:39.920
ctfmon             7244  13  12  659  11528     0:00:29.656     1:23:39.758
igfxEM             6744   8   6  389   5684     0:00:06.015     1:23:39.668
ECAgent            6716   8  16  468   8732     0:00:05.031     1:23:39.656
SynTPHelper        7656  10   1   78   1080     0:00:00.062     1:23:39.436
svchost            7952   8   9  256   4116     0:00:00.109     1:23:39.412
explorer           6728   8  95 3169  84724     0:01:47.578     1:23:39.045
ChsIME             8224   8  51 1094  15736     0:00:14.968     1:23:38.639
svchost            8560   8   2  146   1688     0:00:00.078     1:23:37.662
svchost            8624   8   9  399   4960     0:00:00.359     1:23:37.512
svchost            8656   8   3  176   2024     0:00:00.265     1:23:37.468
svchost            8720   8   4  281   3280     0:00:00.140     1:23:37.306
StartMenuExperienceHost  8204   8  11  620  24296     0:00:01.640     1:23:35.661
RuntimeBroker      1000   8   3  351   6280     0:00:04.437     1:23:35.168
NVIDIA Web Helper  7840   6  86  605  34496     0:00:02.687     1:23:35.060
PowerMgr           9040   6   9  388   5016     0:00:02.578     1:23:34.937
SearchIndexer      1232   8  24  861  37852     0:00:22.359     1:23:34.736
RuntimeBroker      9380   8  15  530   8092     0:00:02.890     1:23:33.875
svchost            9540   8   7  182   2296     0:00:00.250     1:23:33.368
SkypeApp           9692   8  43 1120 201892     0:00:07.406     1:23:33.011
svchost            9736   8   4  322   6228     0:00:00.937     1:23:32.928
YourPhone          9860   8  13  427  14460     0:00:00.468     1:23:32.708
SettingSyncHost    9940   6   3  325   3788     0:00:01.515     1:23:32.301
LockApp           10044   8   7  470  12868     0:00:01.203     1:23:31.968
RuntimeBroker      7396   8   5  372   8208     0:00:00.968     1:23:31.314
SkypeBackgroundHost  9724   8   4  152   2040     0:00:00.109     1:23:30.746
WindowsInternal.ComposableShell.Experiences.TextInput.InputApp  8372   8  17  694  13112     0:00:04.703     1:23:30.037
FlashHelperService  9104   8  23  966  10276     0:00:01.015     1:23:29.532
conhost           10720   6   2  118   6532     0:00:00.093     1:23:26.376
WmiPrvSE           7328   8   7  340  27580     0:00:06.359     1:23:23.055
HipsTray          11288   8   9  217   8556     0:00:00.750     1:23:22.682
RuntimeBroker     11508   8   2  213   2648     0:00:00.125     1:23:22.144
RuntimeBroker     11620   8   4  310   5640     0:00:00.531     1:23:21.794
OneDrive          12144   8  27  822  29216     0:00:11.500     1:23:19.607
SearchUI           9552   8  28 1164  74384     0:00:04.265     1:23:09.943
RAVBg64            9596   6   4  313   5948     0:00:00.343     1:23:09.831
CCXProcess        12024   8   1   61    716     0:00:00.046     1:23:09.374
node              12240   8  19  578  40640     0:00:02.546     1:23:09.339
conhost            7452   8   2  120   6504     0:00:00.031     1:23:09.219
vmware-tray       12588   8   3  196   3796     0:00:00.093     1:23:07.800
AdobeIPCBroker    13068   8   5  223   2364     0:00:00.109     1:23:05.733
igfxext           13232   8   2  145   2648     0:00:00.125     1:23:05.520
RAVCpl64          12600   6   6  363   4140     0:00:00.656     1:23:04.088
ApplicationFrameHost  6460   8  13  570  26920     0:00:01.968     1:22:16.158
WinStore.App       1744   8  17  935  51004     0:00:01.796     1:22:16.148
RuntimeBroker     12220   8   2  289   4464     0:00:00.390     1:22:15.467
coredpussvr        6920   8   4  171   2348     0:00:00.078     1:22:07.431
SystemSettings     2692   8  23  856  22368     0:00:01.281     1:22:05.524
aesm_service      10556   8   2  206   3184     0:00:00.218     1:21:57.458
jhi_service       13076   8   7  285   4500     0:00:00.218     1:21:56.578
DolbyDAX2API       2256   8   7  370  32436     0:00:01.171     1:21:56.155
LMS                2940   8   4  282   3128     0:00:00.453     1:21:56.010
SgrmBroker         9364   8   5   89   3244     0:00:00.156     1:21:55.222
SocketHeciServer  11112   8   2  151   1608     0:00:00.093     1:21:55.060
svchost            5444   8   7  246   4312     0:00:01.453     1:21:54.719
svchost           12888   8   8  301   3348     0:00:00.218     1:21:54.437
svchost            5740   8   2  251   2912     0:00:00.140     1:21:54.291
SecurityHealthService 11736   8   6  247   2996     0:00:00.125     1:21:54.243
MicrosoftEdge     11708   8  34  883  23628     0:00:00.875     1:21:32.834
browser_broker     1820   8   2  135   1572     0:00:00.015     1:21:32.555
dllhost            9924   8   5  200   3268     0:00:00.109     1:21:32.426
RuntimeBroker     10512   8   1  136   1512     0:00:00.046     1:21:32.090
MicrosoftEdgeSH    3800   8   9  263   3856     0:00:00.093     1:21:32.035
MicrosoftEdgeCP   11692   8  16  492   5976     0:00:00.234     1:21:32.035
QQLiveService     11992   8  36  667  19492     0:00:01.546     1:20:59.284
svchost           11696   8   3  160   1828     0:00:00.109     1:20:58.638
QQBrowser         10104   8   8  456  19736     0:00:00.734     1:19:00.242
dllhost            8264   8   4  195   3896     0:00:00.046     1:19:00.224
OfficeClickToRun  12648   8  15  605  33512     0:00:02.984     1:10:06.098
Microsoft.Photos   7080   8  15  794  49912     0:00:01.515     0:50:00.171
RuntimeBroker     12872   8   5  410  10540     0:00:00.828     0:49:59.649
RuntimeBroker     13892   8   5  309   4360     0:00:03.703     0:43:27.303
audiodg           11296   8  14  684  14828     0:01:12.828     0:26:14.811
rundll32           7888   8   2  128   1800     0:00:00.062     0:26:12.767
rundll32          13360   8  14  662  18172     0:00:39.890     0:24:37.005
rundll32          12244   8  41 6657 459824     0:12:42.218     0:24:27.813
dllhost            9872   8   4  129   1476     0:00:00.125     0:17:51.409
QQ                  836   8  91 1861 184492     0:01:25.750     0:17:38.001
TXPlatform         6336   8   5  218   4176     0:00:00.046     0:17:32.921
QQExternal        13948   8  19  489  42852     0:00:05.234     0:17:04.202
cmd                9636   8   2   79   3340     0:00:00.062     0:16:02.689
conhost            5116   8   9  264   8652     0:00:02.312     0:16:02.672
explorer           9612   8  25  923  20884     0:00:07.218     0:15:03.396
QQLive             6128   8 171 1574 282680     0:00:52.546     0:14:42.001
QQLive            10600   8   9  217   6812     0:00:00.390     0:14:35.303
QQLiveBrowser     12108   8  16  361  37272     0:00:01.625     0:14:34.602
Video.UI           5980   8  15  478  16724     0:00:00.515     0:08:03.942
chrome            14092   8  37 1637  64668     0:00:37.265     0:07:01.476
chrome             3600   8   7  188   2228     0:00:00.062     0:07:01.362
chrome             6352   8   3  156   2488     0:00:00.046     0:07:01.280
chrome              580   8  11  742 142352     0:00:26.734     0:07:01.108
chrome             8436   8  14  671  17724     0:00:06.671     0:07:01.090
chrome             7412   8  11  247  23276     0:00:00.281     0:07:00.436
chrome             8284   4  14  316  45360     0:00:07.593     0:06:57.759
WmiPrvSE           7696   8   5  176   2504     0:00:00.078     0:06:54.967
chrome             1840   8  10  257   8280     0:00:00.390     0:06:23.820
svchost            9092   8   4  122   1500     0:00:00.031     0:06:22.521
chrome            10024   4  12  291  28580     0:00:01.437     0:06:05.340
SearchProtocolHost  8352   4   8  390   2784     0:00:00.171     0:02:28.574
chrome            14292   4  13  315  30572     0:00:01.062     0:02:26.322
svchost           11312   8   6  179   2616     0:00:00.093     0:01:59.973
SearchProtocolHost 11544   4   6  270   1888     0:00:00.078     0:01:40.156
chrome             6580   4  13  345  36100     0:00:01.781     0:00:55.245
chrome             8868   4  12  241  13036     0:00:00.093     0:00:29.760
SearchFilterHost  13684   4   7  158   2464     0:00:00.078     0:00:18.410
pslist64           7388  13   6  283   3684     0:00:00.546     0:00:02.217
